05 LEVIONGAB       RS 228AVTU6                           2 349.99 03
00