00 LEVIONGAB       RS                                    0 000.00 00
