02 DELE1           PS                                    0 000.00 00
05 LEVIONGAB       RS 228AVTU6                           2 349.99 03
00