02 DELE8           PS                                    0 000.00 00
00