03 22fixer         PS AAAAAAAA Montreal                  1 067.33 00
00 22fixer         PS                                    0 000.00 00
00 LEVIONGAB       RS                                    0 000.00 00
