03 WalterWhite     PS AAAAAAAA Mexico City               2 082.00 00
00 WalterWhite     PS                                    0 000.00 00