00 LEVIONGAB       RS                                    0 000.00 00
03 WalterWhite     PS AAAAAAAA Toronto                   1 299.99 00
00 WalterWhite     PS                                    0 000.00 00