01 Test9           PS                                    0 000.00 00
00