00 WalterWhite     PS                                    0 000.00 00
00 LEVIONGAB       RS                                    0 000.00 00
00 PetterWhite     FS                                    0 000.00 00
01 Test4           PS                                    0 000.00 00
00 User001         AA                                    0 000.00 00
