02 DELE1           PS                                    0 000.00 00
00