04 User001         AA          Paris                     3 549.99 00
00