05 LEVIONGAB       RS KX35BMB3                           2 063.00 02
00