01 Test5           PS                                    0 000.00 00
00