00 PetterWhite     FS                                    0 000.00 00
