01 TestUser6       PS                                    0 000.00 00
00