03 WalterWhite     PS AAAAAAAA Detroit                   3 166.99 00
00 WalterWhite     PS                                    0 000.00 00
