01 TestUser3       PS                                    0 000.00 00
00