03 WalterWhite     PS AAAAAAAA Ottawa                    2 105.99 00
00 WalterWhite     PS                                    0 000.00 00