05 LEVIONGAB       PS XIQ1J2B4                           0 322.99 02
00