00 VictoriaWashing FS                                    0 000.00 00
00 LEVIONGAB       RS                                    0 000.00 00
00 22fixer         PS                                    0 000.00 00
02 DELE4           PS                                    0 000.00 00
00 User001         AA                                    0 000.00 00