01 TestUser4       PS                                    0 000.00 00
00 User001         AA                                    0 000.00 00
